{"folder":"Marvin Miller-051526-120000","slug":"romani-val","action":"staged","ts":"2026-05-15T17:18:12.606Z"}
{"slug":"romani-val","action":"flushed","photoCount":3,"ts":"2026-05-15T17:32:00.716Z"}
{"folder":"Robin Woo-051526-151000","slug":"woo-robin","action":"staged","ts":"2026-05-15T19:41:44.726Z"}
{"slug":"woo-robin","action":"flushed","photoCount":6,"ts":"2026-05-15T19:50:19.931Z"}
{"folder":"Test Batch-051826-120000","slug":"miller-marvin-dale","action":"staged","ts":"2026-05-18T14:31:49.153Z"}
{"folder":"Ken Weaver-05182026-103727","slug":"weaver-ken","action":"staged","ts":"2026-05-18T14:43:38.952Z"}
{"slug":"weaver-ken","action":"flushed","photoCount":2,"ts":"2026-05-18T14:48:57.247Z"}
{"folder":"Unit Doc-051826-110310","slug":"makowski-william","action":"staged","ts":"2026-05-18T15:04:32.256Z"}
{"slug":"makowski-william","action":"flushed","photoCount":1,"ts":"2026-05-18T15:05:40.950Z"}
{"folder":"William Harrington-051826-120300","slug":"harrington-william","action":"staged","ts":"2026-05-18T16:05:46.271Z"}
{"slug":"harrington-william","action":"flushed","photoCount":2,"ts":"2026-05-18T16:08:16.613Z"}
{"folder":"Dale Tincher-05182026-132100","slug":"tincher-dale","action":"staged","ts":"2026-05-18T17:28:16.150Z"}
{"slug":"tincher-dale","action":"reverted","ts":"2026-05-18T17:28:44.905Z"}
{"folder":"Dale Tincher-05182026-132100","slug":"tincher-dale","action":"staged","ts":"2026-05-18T17:33:25.708Z"}
{"slug":"tincher-dale","action":"flushed","photoCount":2,"ts":"2026-05-18T17:36:46.696Z"}
{"folder":"jim-garvin-1779179932216","slug":"garvin-jim","action":"staged","ts":"2026-05-19T09:03:23.774Z"}
{"slug":"garvin-jim","action":"flushed","photoCount":5,"ts":"2026-05-19T09:10:50.456Z"}
{"folder":"marvin-miller-1779205662216","slug":"miller-marvin-dale","action":"staged","ts":"2026-05-19T16:09:04.456Z"}
{"slug":"miller-marvin-dale","action":"reverted","ts":"2026-05-19T16:15:20.650Z"}
{"folder":"marvin-miller-1779205662216","slug":"miller-marvin-dale","action":"staged","ts":"2026-05-19T16:43:46.748Z"}
{"slug":"miller-marvin-dale","action":"flushed","photoCount":2,"ts":"2026-05-19T16:46:49.577Z"}
{"folder":"marvin-miller-1779289523598","slug":"miller-marvin-dale","action":"staged","ts":"2026-05-20T15:14:28.400Z"}
{"slug":"miller-marvin-dale","action":"flushed","photoCount":3,"ts":"2026-05-20T15:17:26.198Z"}
{"folder":"Martin Fanning-052226-115300","slug":"fanning-martin","action":"staged","ts":"2026-05-22T15:55:47.666Z"}
{"slug":"fanning-martin","action":"reverted","ts":"2026-05-22T15:56:14.305Z"}
{"folder":"Martin Fanning-052226-115300","slug":"fanning-martin","action":"staged","ts":"2026-05-22T15:56:58.330Z"}
{"slug":"fanning-martin","action":"flushed","photoCount":3,"ts":"2026-05-22T15:59:42.823Z"}
{"folder":"Dale Tincher-052526-234100","slug":"tincher-dale","action":"staged","ts":"2026-05-26T03:56:44.030Z"}
{"slug":"tincher-dale","action":"flushed","photoCount":11,"ts":"2026-05-26T04:11:34.512Z"}
{"folder":"Colburn-0526206-015300","slug":"garvin-jim","action":"staged","ts":"2026-05-26T05:55:20.092Z"}
{"slug":"garvin-jim","action":"flushed","photoCount":6,"ts":"2026-05-26T06:01:58.293Z"}
{"folder":"Dale Tincher-05262026-091900","slug":"tincher-dale","action":"staged","ts":"2026-05-26T13:20:54.385Z"}
{"slug":"tincher-dale","action":"flushed","photoCount":1,"ts":"2026-05-26T13:21:59.056Z"}
